2026-09-16 23:01:43,785 - INFO - FastAPI application started
2026-09-16 23:01:43,789 - INFO - FastAPI application started
2026-09-16 23:01:43,791 - INFO - FastAPI application started
2026-09-16 23:01:53,364 - INFO - FastAPI application started
2026-09-16 23:02:11,184 - INFO - Prediction request received for brand=bmw
2026-09-16 23:02:11,192 - INFO - Input data converted to DataFrame
2026-09-16 23:02:11,297 - INFO - Preprocessing completed
2026-09-16 23:02:11,297 - INFO - Prediction completed successfully: brand=bmw, predicted_price=2534.8970166348427
2026-09-16 23:02:20,323 - INFO - Prediction request received for brand=bmw
2026-09-16 23:02:20,330 - INFO - Input data converted to DataFrame
2026-09-16 23:02:20,399 - INFO - Preprocessing completed
2026-09-16 23:02:20,403 - INFO - Prediction completed successfully: brand=bmw, predicted_price=2548.576484757341
2026-09-16 23:05:24,180 - INFO - Prediction request received for brand=honda
2026-09-16 23:05:24,182 - INFO - Input data converted to DataFrame
2026-09-16 23:05:24,200 - INFO - Preprocessing completed
2026-09-16 23:05:24,201 - INFO - Prediction completed successfully: brand=honda, predicted_price=3522.118033872275
2026-09-16 23:16:08,943 - INFO - FastAPI application started
2026-09-16 23:17:22,310 - INFO - Prediction request received for brand=Toyota
2026-09-16 23:17:22,321 - INFO - Input data converted to DataFrame
2026-09-16 23:17:22,440 - INFO - Preprocessing completed
2026-09-16 23:17:22,440 - INFO - Prediction completed successfully: brand=Toyota, predicted_price=7513.512556495451
2026-09-17 13:36:43,246 - INFO - FastAPI application started
2026-09-17 13:38:08,197 - INFO - Prediction request received for brand=Toyota
2026-09-17 13:38:08,211 - INFO - Input data converted to DataFrame
2026-09-17 13:38:08,341 - INFO - Preprocessing completed
2026-09-17 13:38:08,343 - INFO - Prediction completed successfully: brand=Toyota,
 predicted_price=7177.113425666643
